
> CoTabor@0.0.1 build
> rsbuild build

Rsbuild v1.7.3

warn    [rsbuild:config] The "source.alias" config is deprecated, use "resolve.alias" instead.
warn    [rsbuild:config] The "source.define" option includes an object with the key "PATH" under "process.env", indicating potential exposure of all environment variables. This can lead to security risks and should be avoided.
info    build started...
error   Build error: 
File: 197.js:1:1
  × Chunk minification failed:
  ╰─▶   × JavaScript parse error: Expected ';', '}' or <eof>
             ╭─[52877:18]
       52875 │     if (typeof process !== "undefined") {
       52876 │         // eslint-disable-next-line no-process-env
       52877 │         {"NVM_INC":"/Users/angus/.nvm/versions/node/v20.19.2/include/node","SAFE_RM_AUTO_ADD_TEMP":"1","TRAE_AI_SHELL_ID":"2","TERM_PROGRAM":"vscode","NODE":"/Users/angus/.nvm/versions/node/v20.19.2/bin/node","TRAE_SANDBOX_STORAGE_PATH":"/Users/angus/Library/Application Support/Trae/ModularData/ai-agent/sandbox","INIT_CWD":"/Users/angus/code/pycharm_code/CoTabor","NVM_CD_FLAGS":"-q","TERM":"xterm-256color","SAFE_RM_ALLOWED_PATH":"/Users/angus/code/pycharm_code/CoTabor:/Users/angus/code/pycharm_code/CoTabor","SHELL":"/bin/zsh","HOMEBREW_BOTTLE_DOMAIN":"https://mirrors.tuna.tsinghua.edu.cn/homebrew-bottles","HOMEBREW_API_DOMAIN":"https://mirrors.aliyun.com/homebrew/homebrew-bottles/api","HOMEBREW_REPOSITORY":"/opt/homebrew","isArchMatched":"1","TMPDIR":"/var/folders/1l/r2mmqs090l3006b4prcf4f300000gn/T/","npm_config_global_prefix":"/Users/angus/.nvm/versions/node/v20.19.2","VSCODE_PYTHON_AUTOACTIVATE_GUARD":"1","TERM_PROGRAM_VERSION":"1.107.1","ZDOTDIR":"/Users/angus","MallocNanoZone":"0","COLOR":"0","npm_config_noproxy":"","npm_config_registry":"https://registry.npmmirror.com","npm_config_local_prefix":"/Users/angus/code/pycharm_code/CoTabor","TRAE_SANDBOX_TRACE_FILE":"/tmp/trae_sandbox_trace_aa62c09a-956a-469c-a1dc-034e5df4d282.jsonl","AI_AGENT":"TRAE","NVM_DIR":"/Users/angus/.nvm","USER":"angus","COMMAND_MODE":"unix2003","npm_config_globalconfig":"/Users/angus/.nvm/versions/node/v20.19.2/etc/npmrc","SSH_AUTH_SOCK":"/private/tmp/com.apple.launchd.FwDYzatSwQ/Listeners","VSCODE_PROFILE_INITIALIZED":"1","__CF_USER_TEXT_ENCODING":"0x1F5:0x19:0x34","npm_execpath":"/Users/angus/.nvm/versions/node/v20.19.2/lib/node_modules/npm/bin/npm-cli.js","HOMEBREW_PIP_INDEX_URL":"http://mirrors.aliyun.com/pypi/simple","FILESYSTEM_CASE_SENSITIVE":"false","PAGER":"","TRAE_SANDBOX_CLI_PATH":"/Applications/Trae.app/Contents/Resources/app/modules/sandbox/trae-sandbox","SAFE_RM_DENIED_PATH":"/Users/angus/code/pycharm_code/CoTabor/.vscode:/Users/angus/code/pycharm_code/CoTabor/.vscode:/Users/angus/code/pycharm_code/CoTabor/.trae:/Users/angus/code/pycharm_code/CoTabor/.trae:/Users/angus/code/pycharm_code/CoTabor/.git:/Users/angus/code/pycharm_code/CoTabor/.git","PATH":"/Users/angus/code/pycharm_code/CoTabor/node_modules/.bin:/Users/angus/code/pycharm_code/node_modules/.bin:/Users/angus/code/node_modules/.bin:/Users/angus/node_modules/.bin:/Users/node_modules/.bin:/node_modules/.bin:/Users/angus/.nvm/versions/node/v20.19.2/lib/node_modules/npm/node_modules/@npmcli/run-script/lib/node-gyp-bin:/Users/angus/.trae/tools/trae-gopls/current:/Users/angus/.trae/sdks/workspaces/1db3bd10/versions/node/current:/Users/angus/.trae/sdks/versions/node/current:/Users/angus/.antigravity/antigravity/bin:/Users/angus/Library/Python/3.9/bin:/Users/angus/.nvm/versions/node/v20.19.2/bin:/opt/homebrew/opt/openssl/bin:/opt/homebrew/opt/openssl/bin:/opt/homebrew/opt/openssl/bin:/opt/homebrew/bin:/opt/homebrew/sbin:/Users/angus/anaconda/v3.0/anaconda3/bin:/Users/angus/.trae/sdks/workspaces/1db3bd10/versions/node/current:/Users/angus/.trae/sdks/versions/node/current:/Users/angus/.trae/tools/trae-gopls/current:/usr/local/bin:/System/Cryptexes/App/usr/bin:/usr/bin:/bin:/usr/sbin:/sbin:/var/run/com.apple.security.cryptexd/codex.system/bootstrap/usr/local/bin:/var/run/com.apple.security.cryptexd/codex.system/bootstrap/usr/bin:/var/run/com.apple.security.cryptexd/codex.system/bootstrap/usr/appleinternal/bin:/opt/pmk/env/global/bin:/Applications/VMware Fusion.app/Contents/Public:/Applications/Trae.app/Contents/Resources/app/bin:/Users/angus/.antigravity/antigravity/bin:/Users/angus/Library/Python/3.9/bin:/Users/angus/.nvm/versions/node/v20.19.2/bin:/opt/homebrew/opt/openssl/bin","TRAE_JWT_TOKEN_PATH":"/Users/angus/.trae/trae-jwt-token","npm_package_json":"/Users/angus/code/pycharm_code/CoTabor/package.json","_":"/Users/angus/code/pycharm_code/CoTabor/node_modules/.bin/rsbuild","npm_config_userconfig":"/Users/angus/.npmrc","npm_config_init_module":"/Users/angus/.npm-init.js","USER_ZDOTDIR":"/Users/angus","__CFBundleIdentifier":"com.trae.app","npm_command":"run-script","PWD":"/Users/angus/code/pycharm_code/CoTabor","TERM_PRODUCT":"Trae","npm_lifecycle_event":"build","EDITOR":"vi","npm_package_name":"CoTabor","LANG":"C.UTF-8","TRAE_SANDBOX_DUMP_DIR":"/Users/angus/Library/Application Support/Trae/Crashpad/sandbox-pending","npm_config_npm_version":"10.8.2","VSCODE_GIT_ASKPASS_EXTRA_ARGS":"","XPC_FLAGS":"0x0","TRAE_SANDBOX_CONFIG_NAME":"69b2fb8d7e2aed89b7273985","npm_config_node_gyp":"/Users/angus/.nvm/versions/node/v20.19.2/lib/node_modules/npm/node_modules/node-gyp/bin/node-gyp.js","npm_package_version":"0.0.1","TRAE_SANDBOX_LOG_DIR":"/Users/angus/Library/Application Support/Trae/logs/20260313T014519/Modular","XPC_SERVICE_NAME":"0","VSCODE_INJECTION":"1","SAFE_RM_SOURCE_FLAG":"/tmp/safe-rm-source-flag-4e2d4e1f-1eed-4267-87b8-ae57c40c8144","SHLVL":"2","HOME":"/Users/angus","VSCODE_GIT_ASKPASS_MAIN":"/Applications/Trae.app/Contents/Resources/app/extensions/git/dist/askpass-main.js","HOMEBREW_PREFIX":"/opt/homebrew","GK_GL_ADDR":"http://127.0.0.1:63788","npm_config_cache":"/Users/angus/.npm","LOGNAME":"angus","npm_lifecycle_script":"rsbuild build","VSCODE_GIT_IPC_HANDLE":"/var/folders/1l/r2mmqs090l3006b4prcf4f300000gn/T/vscode-git-2af82c4b8e.sock","TRAE_SANDBOX_SOURCE_FLAG_PATH":"/tmp/sandbox-source-flag-d4cd9e41-2b92-44a5-bf19-9dbd0df9a6ae","GK_GL_PATH":"/var/folders/1l/r2mmqs090l3006b4prcf4f300000gn/T/gitkraken/gitlens/gitlens-ipc-server-56584-63788.json","SAFE_RM_PROTECTION_FLAG":"/tmp/safe-rm-protection-flag-3532bb7f-1a29-4876-93b6-53c509de45a8","NVM_BIN":"/Users/angus/.nvm/versions/node/v20.19.2/bin","npm_config_user_agent":"npm/10.8.2 node/v20.19.2 darwin arm64 workspaces/false","VSCODE_GIT_ASKPASS_NODE":"/Applications/Trae.app/Contents/Frameworks/Trae Helper (Plugin).app/Contents/MacOS/Trae Helper (Plugin)","GIT_ASKPASS":"/Applications/Trae.app/Contents/Resources/app/extensions/git/dist/askpass.sh","INFOPATH":"/opt/homebrew/share/info:/opt/homebrew/share/info:/opt/homebrew/share/info:/opt/homebrew/share/info:","HOMEBREW_CELLAR":"/opt/homebrew/Cellar","OSLogRateLimit":"64","GIT_PAGER":"","TRAE_BRAND_NAME":"Trae","npm_node_execpath":"/Users/angus/.nvm/versions/node/v20.19.2/bin/node","npm_config_prefix":"/Users/angus/.nvm/versions/node/v20.19.2","COLORTERM":"truecolor","NODE_ENV":"production","RSPACK_UNSAFE_FAST_DROP":"true","VITE_LLM_PROVIDER":"qwen","VITE_LLM_API_KEY":"sk-32e6619fe1f340d2a85eaeb03dd8132e","VITE_LLM_BASE_URL":"https://dashscope.aliyuncs.com/compatible-mode/v1","VITE_LLM_MODEL":"qwen3.5-plus","VITE_LLM_PLANNER_ENABLE":"true","VITE_LLM_PLANNER_MODEL":"qwen3.5-plus","VITE_LLM_CORTEX_ENABLE":"true","VITE_LLM_CORTEX_MODEL":"qwen3.5-plus","VITE_LLM_WATCHDOG_ENABLE":"true","VITE_LLM_WATCHDOG_MODEL":"qwen3.5-plus"}[name] = value;
             ·                   ─
       52878 │     }
       52879 │ }
             ╰────

error   build failed in 0.19 s
error   Rspack build failed.
    at file:///Users/angus/code/pycharm_code/CoTabor/node_modules/@rsbuild/core/dist/131.js:4214:145
    at /Users/angus/code/pycharm_code/CoTabor/node_modules/@rspack/core/dist/index.js:10952:46
    at /Users/angus/code/pycharm_code/CoTabor/node_modules/@rspack/core/dist/index.js:7120:113
    at done (/Users/angus/code/pycharm_code/CoTabor/node_modules/@rspack/lite-tapable/dist/index.cjs:373:13)
    at AsyncParallelHook.callAsyncStageRange (/Users/angus/code/pycharm_code/CoTabor/node_modules/@rspack/lite-tapable/dist/index.cjs:379:46)
    at AsyncParallelHook.callAsync (/Users/angus/code/pycharm_code/CoTabor/node_modules/@rspack/lite-tapable/dist/index.cjs:101:21)
    at Cache.shutdown (/Users/angus/code/pycharm_code/CoTabor/node_modules/@rspack/core/dist/index.js:7173:33)
    at /Users/angus/code/pycharm_code/CoTabor/node_modules/@rspack/core/dist/index.js:10951:28
    at done (/Users/angus/code/pycharm_code/CoTabor/node_modules/@rspack/lite-tapable/dist/index.cjs:426:13)
    at AsyncSeriesHook.callAsyncStageRange (/Users/angus/code/pycharm_code/CoTabor/node_modules/@rspack/lite-tapable/dist/index.cjs:432:46)
